{
  "fixture": "generated:minimal-v88-11-sections",
  "fixtureBytes": 2048,
  "cycles": 100,
  "limits": {
    "tracked": 199229440,
    "nodeLinear": 201326592
  },
  "baseline": {
    "bridge": 0,
    "native": 0,
    "heap": 0,
    "heapPeak": 0,
    "bridgePeak": 0,
    "nativePeak": 0,
    "wasm": 33554432
  },
  "final": {
    "bridge": 0,
    "native": 0,
    "heap": 0,
    "heapPeak": 4100,
    "bridgePeak": 2052,
    "nativePeak": 2048,
    "wasm": 33554432
  },
  "peakTracked": 33558528,
  "peakWasm": 33554432,
  "peakRss": 52908032,
  "outputBytes": 2048
}
